// Jest Snapshot v1, https://goo.gl/fbAQLP

exports[`Dashboard should render 1`] = `
<content>
  <div
    className="row"
  >
    <div
      className="col-lg-3 col-md-4 col-sm-5"
      xl={2}
    >
      <div
        className="row"
      >
        <div
          className="col-sm-12"
        >
          <ul
            className="nav nav-pills nav-stacked"
            role={null}
          >
            <li
              className="active"
              role="presentation"
              style={undefined}
            >
              <a
                href="#"
                onClick={[Function]}
                onKeyDown={[Function]}
                role="button"
              >
                Conference 2017
              </a>
            </li>
            <li
              className=""
              role="presentation"
              style={undefined}
            >
              <a
                href="#"
                onClick={[Function]}
                onKeyDown={[Function]}
                role="button"
              >
                Conference 2016
              </a>
            </li>
            <li
              className=""
              role="presentation"
              style={undefined}
            >
              <a
                href="#"
                onClick={[Function]}
                onKeyDown={[Function]}
                role="button"
              >
                Conference 2015
              </a>
            </li>
            <li
              className=""
              role="presentation"
              style={undefined}
            >
              <a
                href="#"
                onClick={[Function]}
                onKeyDown={[Function]}
                role="button"
              >
                Conference 2014
              </a>
            </li>
            <li
              className=""
              role="presentation"
              style={undefined}
            >
              <a
                href="#"
                onClick={[Function]}
                onKeyDown={[Function]}
                role="button"
              >
                Conference 2013
              </a>
            </li>
            <li
              className=""
              role="presentation"
              style={undefined}
            >
              <a
                href="#"
                onClick={[Function]}
                onKeyDown={[Function]}
                role="button"
              >
                Conference 2012
              </a>
            </li>
            <li
              className=""
              role="presentation"
              style={undefined}
            >
              <a
                href="#"
                onClick={[Function]}
                onKeyDown={[Function]}
                role="button"
              >
                Conference 2011
              </a>
            </li>
          </ul>
        </div>
      </div>
    </div>
    <div
      className="col-lg-9 col-md-8 col-sm-7"
      xl={10}
    >
      <div
        className="row"
      >
        <div
          className="col-sm-12"
        >
          <ul
            className="nav nav-tabs"
            role={null}
          >
            <li
              className="active"
              role="presentation"
              style={undefined}
            >
              <a
                href="#"
                onClick={[Function]}
                onKeyDown={[Function]}
                role="button"
              >
                Analytics
              </a>
            </li>
            <li
              className=""
              role="presentation"
              style={undefined}
            >
              <a
                href="#"
                onClick={[Function]}
                onKeyDown={[Function]}
                role="button"
              >
                Manage
              </a>
            </li>
            <li
              className=""
              role="presentation"
              style={undefined}
            >
              <a
                href="#"
                onClick={[Function]}
                onKeyDown={[Function]}
                role="button"
              >
                Registration
              </a>
            </li>
            <li
              className=""
              role="presentation"
              style={undefined}
            >
              <a
                href="#"
                onClick={[Function]}
                onKeyDown={[Function]}
                role="button"
              >
                Name Tags
              </a>
            </li>
          </ul>
        </div>
      </div>
      <div
        className="row"
      >
        <div
          className="col-sm-12"
        />
      </div>
    </div>
  </div>
</content>
`;
